[graphikaria.com/demo/theorem/v2.0.0/login.html]
[backblue.gif]
[fade.gif]
[index.html]
[graphikaria.com/demo/theorem/v2.0.0/assets/ico/favicon.ico]
[graphikaria.com/demo/theorem/v2.0.0/assets/bootstrap/css/bootstrap.min.css]
[graphikaria.com/demo/theorem/v2.0.0/assets/font-awesome/css/font-awesome.min.css]
[graphikaria.com/demo/theorem/v2.0.0/assets/simple-lines/simple-line-icons.css]
[graphikaria.com/demo/theorem/v2.0.0/assets/css/theme.min.css]
[graphikaria.com/demo/theorem/v2.0.0/assets/img/logo-black.png]
[graphikaria.com/demo/theorem/v2.0.0/index.html]
[ajax.googleapis.com/ajax/libs/jquery/1.11.1/jquery.min.js]
[graphikaria.com/demo/theorem/v2.0.0/login.html]
[graphikaria.com/demo/theorem/v2.0.0/assets/ico/favicon-152.html]
[graphikaria.com/demo/theorem/v2.0.0/assets/ico/favicon-144.html]
[graphikaria.com/demo/theorem/v2.0.0/assets/bootstrap/fonts/glyphicons-halflings-regular.woff]
[graphikaria.com/demo/theorem/v2.0.0/assets/bootstrap/js/bootstrap.min.js]
[graphikaria.com/demo/theorem/v2.0.0/assets/bootstrap/fonts/glyphicons-halflings-regular.ttf]
[graphikaria.com/demo/theorem/v2.0.0/assets/bootstrap/fonts/glyphicons-halflings-regular.eot]
[graphikaria.com/demo/theorem/v2.0.0/assets/bootstrap/css/bootstrap.min.css]
[graphikaria.com/demo/theorem/v2.0.0/assets/bootstrap/fonts/glyphicons-halflings-regulard41d.eot]
[graphikaria.com/demo/theorem/v2.0.0/assets/font-awesome/fonts/fontawesome-webfontba72.woff]
[graphikaria.com/demo/theorem/v2.0.0/assets/font-awesome/fonts/fontawesome-webfontba72.eot]
[graphikaria.com/demo/theorem/v2.0.0/assets/font-awesome/fonts/fontawesome-webfontba72.ttf]
[graphikaria.com/demo/theorem/v2.0.0/assets/font-awesome/fonts/fontawesome-webfontd41d.eot]
[graphikaria.com/demo/theorem/v2.0.0/assets/font-awesome/css/font-awesome.min.css]
[graphikaria.com/demo/theorem/v2.0.0/assets/simple-lines/fonts/Simple-Line-Icons.woff]
[graphikaria.com/demo/theorem/v2.0.0/assets/simple-lines/fonts/Simple-Line-Icons.eot]
[graphikaria.com/demo/theorem/v2.0.0/assets/simple-lines/fonts/Simple-Line-Iconsd41d.eot]
[graphikaria.com/demo/theorem/v2.0.0/assets/simple-lines/fonts/Simple-Line-Icons.ttf]
[graphikaria.com/demo/theorem/v2.0.0/assets/simple-lines/simple-line-icons.css]
[graphikaria.com/demo/theorem/v2.0.0/assets/img/slide-1-2.jpg]
[graphikaria.com/demo/theorem/v2.0.0/assets/css/theme.min.css]
[graphikaria.com/demo/theorem/v2.0.0/assets/bootstrap-select/bootstrap-select.min.css]
[graphikaria.com/demo/theorem/v2.0.0/assets/prism/prism.css]
[graphikaria.com/demo/theorem/v2.0.0/assets/summernote/summernote.css]
[graphikaria.com/demo/theorem/v2.0.0/assets/tags-input/bootstrap-tagsinput.css]
[graphikaria.com/demo/theorem/v2.0.0/assets/img/logo-white.png]
[graphikaria.com/demo/theorem/v2.0.0/assets/img/user-male-2.jpg]
[graphikaria.com/demo/theorem/v2.0.0/stats.html]
[graphikaria.com/demo/theorem/v2.0.0/activity.html]
[graphikaria.com/demo/theorem/v2.0.0/widgets.html]
[graphikaria.com/demo/theorem/v2.0.0/publishing.html]
[graphikaria.com/demo/theorem/v2.0.0/calendar.html]
[graphikaria.com/demo/theorem/v2.0.0/gallery.html]
[graphikaria.com/demo/theorem/v2.0.0/edit-profile.html]
[graphikaria.com/demo/theorem/v2.0.0/tables.html]
[graphikaria.com/demo/theorem/v2.0.0/pricing.html]
[graphikaria.com/demo/theorem/v2.0.0/settings.html]
[graphikaria.com/demo/theorem/v2.0.0/assets/img/user-female-1.jpg]
[graphikaria.com/demo/theorem/v2.0.0/assets/img/user-female-2.jpg]
[graphikaria.com/demo/theorem/v2.0.0/assets/img/user-male-1.jpg]
[graphikaria.com/demo/theorem/v2.0.0/assets/img/img-400x400.jpg]
[graphikaria.com/demo/theorem/v2.0.0/assets/prism/prism.js]
[graphikaria.com/demo/theorem/v2.0.0/assets/bootstrap-select/bootstrap-select.min.js]
[graphikaria.com/demo/theorem/v2.0.0/assets/isotope/isotope.pkgd.min.js]
[graphikaria.com/demo/theorem/v2.0.0/assets/jquery.countdown/jquery.countdown.min.js]
[graphikaria.com/demo/theorem/v2.0.0/assets/tags-input/bootstrap-tagsinput.min.js]
[graphikaria.com/demo/theorem/v2.0.0/assets/autosize/jquery.autosize.min.js]
[graphikaria.com/demo/theorem/v2.0.0/assets/validator/validator.min.js]
[graphikaria.com/demo/theorem/v2.0.0/assets/summernote/summernote.min.js]
[graphikaria.com/demo/theorem/v2.0.0/assets/jquery-labelauty/jquery-labelauty.js]
[graphikaria.com/demo/theorem/v2.0.0/assets/chartjs/Chart.min.js]
[graphikaria.com/demo/theorem/v2.0.0/assets/js/holder.js]
[graphikaria.com/demo/theorem/v2.0.0/index.html]
[graphikaria.com/demo/theorem/v2.0.0/assets/js/jquery-1.11.1.min.html]
[graphikaria.com/demo/theorem/v2.0.0/assets/bootstrap/fonts/glyphicons-halflings-regular.svg]
[graphikaria.com/demo/theorem/v2.0.0/assets/js/demo.js]
[graphikaria.com/demo/theorem/v2.0.0/assets/font-awesome/fonts/fontawesome-webfontba72.svg]
[graphikaria.com/demo/theorem/v2.0.0/assets/simple-lines/fonts/Simple-Line-Icons.svg]
[graphikaria.com/demo/theorem/v2.0.0/assets/bootstrap-select/bootstrap-select.min.css]
[graphikaria.com/demo/theorem/v2.0.0/assets/prism/prism.css]
[graphikaria.com/demo/theorem/v2.0.0/assets/summernote/summernote.css]
[graphikaria.com/demo/theorem/v2.0.0/assets/tags-input/bootstrap-tagsinput.css]
[graphikaria.com/demo/theorem/v2.0.0/assets/js/chart-example.js]
[graphikaria.com/demo/theorem/v2.0.0/stats.html]
[graphikaria.com/demo/theorem/v2.0.0/assets/img/post-image.png]
[graphikaria.com/demo/theorem/v2.0.0/activity.html]
[graphikaria.com/demo/theorem/v2.0.0/widgets.html]
[graphikaria.com/demo/theorem/v2.0.0/assets/jquery-labelauty/jquery-labelauty.css]
[graphikaria.com/demo/theorem/v2.0.0/publishing.html]
[graphikaria.com/demo/theorem/v2.0.0/assets/fullcalendar/fullcalendar.css]
[graphikaria.com/demo/theorem/v2.0.0/calendar.html]
[graphikaria.com/demo/theorem/v2.0.0/gallery.html]
[graphikaria.com/demo/theorem/v2.0.0/edit-profile.html]
[graphikaria.com/demo/theorem/v2.0.0/tables.html]
[graphikaria.com/demo/theorem/v2.0.0/pricing.html]
[graphikaria.com/demo/theorem/v2.0.0/settings.html]
[graphikaria.com/demo/theorem/v2.0.0/assets/fullcalendar/lib/moment.min.js]
[graphikaria.com/demo/theorem/v2.0.0/assets/fullcalendar/fullcalendar.js]
[graphikaria.com/demo/theorem/v2.0.0/assets/jquery-labelauty/images/input-unchecked.png]
[graphikaria.com/demo/theorem/v2.0.0/assets/jquery-labelauty/images/input-checked.png]
[graphikaria.com/demo/theorem/v2.0.0/assets/jquery-labelauty/jquery-labelauty.css]
[graphikaria.com/demo/theorem/v2.0.0/assets/fullcalendar/fullcalendar.css]
